Difference between 2028-04-28 and 2023-11-19: 1622 days
