obj = {};
obj.menu = {};
obj.menu.id = "file";
obj.menu.popup = {};
obj.menu.popup.menuitem = [];
obj.menu.popup.menuitem[0] = {};
obj.menu.popup.menuitem[0].onclick = "CreateNewDoc()";
obj.menu.popup.menuitem[0].value = "New";
obj.menu.popup.menuitem[1] = {};
obj.menu.popup.menuitem[1].onclick = "OpenDoc()";
obj.menu.popup.menuitem[1].value = "Open";
obj.menu.popup.menuitem[2] = {};
obj.menu.popup.menuitem[2].onclick = "CloseDoc()";
obj.menu.popup.menuitem[2].value = "Close";
obj.menu.value = "File";

