json = {};
json.menu = {};
json.menu.id = "file";
json.menu.popup = {};
json.menu.popup.menuitem = [];
json.menu.popup.menuitem[0] = {};
json.menu.popup.menuitem[0].onclick = "CreateNewDoc()";
json.menu.popup.menuitem[0].value = "New";
json.menu.popup.menuitem[1] = {};
json.menu.popup.menuitem[1].onclick = "OpenDoc()";
json.menu.popup.menuitem[1].value = "Open";
json.menu.popup.menuitem[2] = {};
json.menu.popup.menuitem[2].onclick = "CloseDoc()";
json.menu.popup.menuitem[2].value = "Close";
json.menu.value = "File";

